// Jest Snapshot v1, https://goo.gl/fbAQLP

exports[`Test PodcastList component should render correctly 1`] = `
<CardGroup>
  <Card
    centered={true}
    key="rss1"
  >
    <CardContent
      textAlign="center"
    >
      <Image
        as="img"
        style={
          Object {
            "height": "200px",
            "objectFit": "scale-down",
            "width": "200px",
          }
        }
        ui={false}
      />
      <CardHeader
        textAlign="center"
      >
        <Link
          onClick={[Function]}
          to="/podcast"
        >
          name
        </Link>
      </CardHeader>
    </CardContent>
  </Card>
  <Card
    centered={true}
    key="rss2"
  >
    <CardContent
      textAlign="center"
    >
      <Image
        as="img"
        style={
          Object {
            "height": "200px",
            "objectFit": "scale-down",
            "width": "200px",
          }
        }
        ui={false}
      />
      <CardHeader
        textAlign="center"
      >
        <Link
          onClick={[Function]}
          to="/podcast"
        >
          name2
        </Link>
      </CardHeader>
    </CardContent>
  </Card>
  <Card
    centered={true}
    key="rss3"
  >
    <CardContent
      textAlign="center"
    >
      <Image
        as="img"
        style={
          Object {
            "height": "200px",
            "objectFit": "scale-down",
            "width": "200px",
          }
        }
        ui={false}
      />
      <CardHeader
        textAlign="center"
      >
        <Link
          onClick={[Function]}
          to="/podcast"
        >
          name3
        </Link>
      </CardHeader>
    </CardContent>
  </Card>
</CardGroup>
`;

exports[`Test PodcastList component should render correctly if Fecthing 1`] = `
<Dimmer
  active={true}
  inverted={true}
>
  <Loader
    size="massive"
  >
    Loading
  </Loader>
</Dimmer>
`;
