// Jest Snapshot v1, https://goo.gl/fbAQLP

exports[`Test PodcastList component should render correctly 1`] = `
<div>
  <div
    key="rss1"
  >
    <div>
      <img
        style={
          Object {
            "height": "200px",
            "objectFit": "scale-down",
            "width": "200px",
          }
        }
        ui={false}
      />
      <div>
        <Link
          onClick={[Function]}
          to="/podcast"
        >
          name
        </Link>
      </div>
    </div>
  </div>
  <div
    key="rss2"
  >
    <div>
      <img
        style={
          Object {
            "height": "200px",
            "objectFit": "scale-down",
            "width": "200px",
          }
        }
        ui={false}
      />
      <div>
        <Link
          onClick={[Function]}
          to="/podcast"
        >
          name2
        </Link>
      </div>
    </div>
  </div>
  <div
    key="rss3"
  >
    <div>
      <img
        style={
          Object {
            "height": "200px",
            "objectFit": "scale-down",
            "width": "200px",
          }
        }
        ui={false}
      />
      <div>
        <Link
          onClick={[Function]}
          to="/podcast"
        >
          name3
        </Link>
      </div>
    </div>
  </div>
</div>
`;

exports[`Test PodcastList component should render correctly if Fecthing 1`] = `
<div>
  Loading...
</div>
`;
