// Jest Snapshot v1, https://goo.gl/fbAQLP

exports[`Test UnauthenticatedApp component should render correctly 1`] = `
<styled.div>
  <Route
    component={
      Object {
        "$$typeof": Symbol(react.memo),
        "WrappedComponent": [Function],
        "compare": null,
        "displayName": "Connect(Login)",
        "type": [Function],
      }
    }
    exact={true}
    path="/"
  />
  <Route
    component={
      Object {
        "$$typeof": Symbol(react.memo),
        "WrappedComponent": [Function],
        "compare": null,
        "displayName": "Connect(Signup)",
        "type": [Function],
      }
    }
    path="/signup"
  />
</styled.div>
`;
