// Jest Snapshot v1, https://goo.gl/fbAQLP

exports[`Test Signup component should render correctly 1`] = `
<div>
  <h2>
    SIGNUP
  </h2>
  <Link
    to="/"
  >
    Back to Login
  </Link>
  <div>
    error
  </div>
  <form>
    <input
      onChange={[Function]}
      placeholder="username"
      required={true}
      type="text"
      value="username"
    />
    <input
      onChange={[Function]}
      placeholder="password"
      required={true}
      type="password"
      value="password"
    />
    <input
      onChange={[Function]}
      placeholder="confirm password"
      required={true}
      type="password"
    />
    <input
      onClick={[Function]}
      type="submit"
    />
  </form>
</div>
`;
