// Jest Snapshot v1, https://goo.gl/fbAQLP

exports[`Test EpisodesList Component should render correctly 1`] = `
<div>
  <div>
    <div
      key="1"
    >
      <img
        style={
          Object {
            "height": "200px",
            "objectFit": "scale-down",
            "width": "200px",
          }
        }
      />
      <div>
        <Link
          onClick={[Function]}
          to="/episode-player"
        >
          name1
        </Link>
      </div>
    </div>
    <div
      key="2"
    >
      <img
        style={
          Object {
            "height": "200px",
            "objectFit": "scale-down",
            "width": "200px",
          }
        }
      />
      <div>
        <Link
          onClick={[Function]}
          to="/episode-player"
        >
          name2
        </Link>
      </div>
    </div>
    <div
      key="3"
    >
      <img
        style={
          Object {
            "height": "200px",
            "objectFit": "scale-down",
            "width": "200px",
          }
        }
      />
      <div>
        <Link
          onClick={[Function]}
          to="/episode-player"
        >
          name3
        </Link>
      </div>
    </div>
  </div>
</div>
`;
