// Jest Snapshot v1, https://goo.gl/fbAQLP

exports[`Test Home component should render correctly 1`] = `
<div>
  <div>
    <div>
      <img
        src="undraw_imagination_ok71.svg"
      />
    </div>
    <div>
      <h2>
        Discover audio stories, news and shows
      </h2>
    </div>
  </div>
</div>
`;
