// Jest Snapshot v1, https://goo.gl/fbAQLP

exports[`Test PopularPodcasts component should render correctly 1`] = `
<ContextProvider
  value={null}
>
  <PopularPodcasts
    fetchPopularPodcastsConnect={[Function]}
    isFetching={false}
    popularPodcasts={
      Array [
        Object {
          "id": "1",
          "image": "toplink",
          "name": "topname",
          "rss": "toprss1",
        },
        Object {
          "id": "2",
          "image": "toplink2",
          "name": "topname2",
          "rss": "toprss2",
        },
        Object {
          "id": "3",
          "image": "toplink3",
          "name": "topname3",
          "rss": "toprss3",
        },
      ]
    }
    store={
      Object {
        "clearActions": [Function],
        "dispatch": [Function],
        "getActions": [Function],
        "getState": [Function],
        "replaceReducer": [Function],
        "subscribe": [Function],
      }
    }
  />
</ContextProvider>
`;
