// Jest Snapshot v1, https://goo.gl/fbAQLP

exports[`Test SubscriptionsEpisodeFeed component should render correctly 1`] = `
<div>
  Feed is empty
</div>
`;

exports[`Test SubscriptionsEpisodeFeed component should render correctly 2`] = `
<Dimmer
  active={true}
  inverted={true}
>
  <Loader
    size="massive"
  >
    Loading
  </Loader>
</Dimmer>
`;
