// Jest Snapshot v1, https://goo.gl/fbAQLP

exports[`Test SearchForm component should render correctly 1`] = `
<form
  onSubmit={[Function]}
>
  <input
    action={
      Object {
        "icon": "search",
      }
    }
    onChange={[Function]}
    placeholder="Search..."
    value="searchPhrase"
  />
</form>
`;
