// Jest Snapshot v1, https://goo.gl/fbAQLP

exports[`Test SearchResults Component should render correctly 1`] = `
<PodcastList
  fetchCurrentPodcast={[Function]}
  isFetching={false}
  jwt="jwt"
  podcasts={
    Array [
      Object {
        "id": "1",
        "image": "link",
        "name": "name",
        "rss": "link",
      },
      Object {
        "id": "2",
        "image": "link2",
        "name": "name2",
        "rss": "link2",
      },
      Object {
        "id": "3",
        "image": "link3",
        "name": "name3",
        "rss": "link3",
      },
    ]
  }
/>
`;
