// Jest Snapshot v1, https://goo.gl/fbAQLP

exports[`Test EpisodesList Component should render correctly 1`] = `
<styled.ul>
  <Episode
    audio="audio1"
    description="description1"
    image="image1"
    key="1"
    name="name1"
  />
  <Episode
    audio="audio2"
    description="description2"
    image="image2"
    key="2"
    name="name2"
  />
  <Episode
    audio="audio3"
    description="description3"
    image="image3"
    key="3"
    name="name3"
  />
</styled.ul>
`;
