// Jest Snapshot v1, https://goo.gl/fbAQLP

exports[`Test App Component Should Render Correctly 1`] = `
<AuthProvider
  value={
    Object {
      "jwt": undefined,
      "login": [Function],
      "logout": [Function],
      "register": [Function],
      "rss": undefined,
      "setRSS": [Function],
      "setUsername": [Function],
      "username": undefined,
    }
  }
>
  <Router
    history={
      Object {
        "action": "POP",
        "block": [Function],
        "createHref": [Function],
        "go": [Function],
        "goBack": [Function],
        "goForward": [Function],
        "length": 1,
        "listen": [Function],
        "location": Object {
          "hash": "",
          "pathname": "/",
          "search": "",
          "state": undefined,
        },
        "push": [Function],
        "replace": [Function],
      }
    }
  >
    <Switch>
      <UnauthenticatedApp />
    </Switch>
  </Router>
</AuthProvider>
`;
