// Jest Snapshot v1, https://goo.gl/fbAQLP

exports[`Test {AuthenticatedApp} component should render correctly 1`] = `
<styled.div>
  <styled.div>
    username
    <div>
      <Link
        to="/subscriptions"
      >
        View subscriptions
      </Link>
    </div>
    <div>
      <Link
        onClick={[Function]}
        to="/"
      >
        Logout
      </Link>
    </div>
  </styled.div>
  <Route
    component={
      Object {
        "$$typeof": Symbol(react.memo),
        "WrappedComponent": [Function],
        "compare": null,
        "displayName": "Connect(SearchPodcast)",
        "type": [Function],
      }
    }
    exact={true}
    path="/"
  />
  <Route
    component={
      Object {
        "$$typeof": Symbol(react.memo),
        "WrappedComponent": [Function],
        "compare": null,
        "displayName": "Connect(Podcast)",
        "type": [Function],
      }
    }
    path="/podcast"
  />
  <Route
    component={
      Object {
        "$$typeof": Symbol(react.memo),
        "WrappedComponent": [Function],
        "compare": null,
        "displayName": "Connect(EpisodePlayer)",
        "type": [Function],
      }
    }
    path="/episode-player"
  />
  <Route
    component={
      Object {
        "$$typeof": Symbol(react.memo),
        "WrappedComponent": [Function],
        "compare": null,
        "displayName": "Connect(Subscriptions)",
        "type": [Function],
      }
    }
    path="/subscriptions"
  />
</styled.div>
`;
