// Jest Snapshot v1, https://goo.gl/fbAQLP

exports[`Test Login component should render correctly 1`] = `
<div>
  <form
    error={true}
  >
    <div
      style={
        Object {
          "height": "80vh",
        }
      }
      textAlign="center"
      verticalAlign="middle"
    >
      <div
        style={
          Object {
            "maxWidth": 450,
          }
        }
      >
        <h2>
          Login
        </h2>
        <input
          label={
            Object {
              "align": " left",
              "children": "Username",
            }
          }
          name="uname"
          onChange={[Function]}
          placeholder="username"
          required={true}
          type="text"
          value="username"
        />
        <input
          label={
            Object {
              "align": " left",
              "children": "Password",
            }
          }
          name="pswrd"
          onChange={[Function]}
          placeholder="password"
          required={true}
          type="password"
          value="password"
        />
        <button
          content="Log In"
          onClick={[Function]}
          type="submit"
        />
        <div>
          errorMessage
           
          <div />
        </div>
      </div>
    </div>
  </form>
  <div>
    <div>
      <div>
        Don't have an account?
        <Link
          to="/signup"
        >
           Sign Up
        </Link>
      </div>
    </div>
  </div>
</div>
`;
