// Jest Snapshot v1, https://goo.gl/fbAQLP

exports[`Test EpisodePlayer component should render correctly 1`] = `
<styled.div>
  <styled.img
    alt=""
    src="test"
  />
  <styled.h2>
    test
  </styled.h2>
  <styled.div>
    test
  </styled.div>
  <Player
    audioUrl="test"
  />
</styled.div>
`;

exports[`Test EpisodePlayer component should render correctly 2`] = `
<styled.div>
  <styled.img
    alt=""
    src="test"
  />
  <styled.h2>
    test
  </styled.h2>
  <styled.div>
    test
  </styled.div>
  <Player
    audioUrl="test"
  />
</styled.div>
`;
