// Jest Snapshot v1, https://goo.gl/fbAQLP

exports[`Test EpisodePlayer component should render correctly 1`] = `
<div>
  <img
    alt=""
    src="test"
  />
  <h2>
    test
  </h2>
  <audio
    controls={true}
  >
    <source
      src="test"
      type="audio/mp4"
    />
  </audio>
  <div>
    test
  </div>
</div>
`;

exports[`Test EpisodePlayer component should render correctly 2`] = `
<div>
  <img
    alt=""
    src="test"
  />
  <h2>
    test
  </h2>
  <audio
    controls={true}
  >
    <source
      src="test"
      type="audio/mp4"
    />
  </audio>
  <div>
    test
  </div>
</div>
`;
